2024-10-03 02:14:32 UTC
Previous results not found: running for the first time.
[1] "/scripts"
Loading required package: rjson
Loading required package: dplyr

Attaching package: ‘dplyr’

The following objects are masked from ‘package:stats’:

    filter, lag

The following objects are masked from ‘package:base’:

    intersect, setdiff, setequal, union

Loading required package: tidyr
Loading required package: purrr
Loading required package: sf
Linking to GEOS 3.12.1, GDAL 3.8.5, PROJ 9.4.0; sf_use_s2() is TRUE
Loading required package: stringr
[1] "Inputs: "
$expert_source
[1] "IUCN"

$species
[1] "Myrmecophaga tridactyla"

[1] "/output/data/getRangeMap/815e71f7248be298c89fef824afd6f7f"

> if (!"gdalUtilities" %in% installed.packages()[,"Package"]) install.packages("gdalUtilities")

> library(gdalUtilities)

Attaching package: ‘gdalUtilities’

The following object is masked from ‘package:sf’:

    gdal_rasterize


> setwd(outputFolder)

> get_iucn_range_map <- function(species_name){
+   species_map<-read.csv('https://object-arbutus.cloud.computecanada.ca/bq-io/io/IUCN_rangemaps/iucn_ .... [TRUNCATED] 

> get_mol_range_map <- function(species_name){
+   species_map<-read.csv('https://object-arbutus.cloud.computecanada.ca/bq-io/io/mol_range_maps/mol_ma .... [TRUNCATED] 

> get_qc_range_map <- function(species_name){
+   species_map<-read.csv('https://object-arbutus.cloud.computecanada.ca/bq-io/io/qc_range_maps/qc_range .... [TRUNCATED] 
Reading layer `MAMMALS' from data source 
  `/output/data/getRangeMap/815e71f7248be298c89fef824afd6f7f/Myrmecophaga tridactyla_range.gpkg' 
  using driver `GPKG'
Simple feature collection with 3 features and 28 fields
Geometry type: MULTIPOLYGON
Dimension:     XY
Bounding box:  xmin: -92.18961 ymin: -33.7092 xmax: -35.87234 ymax: 16.09904
Geodetic CRS:  WGS 84
Writing layer `Myrmecophaga tridactyla_range' to data source 
  `/output/data/getRangeMap/815e71f7248be298c89fef824afd6f7f/Myrmecophaga tridactyla/Myrmecophaga tridactyla_range.gpkg' using driver `GPKG'
Writing 3 features with 28 fields and geometry type Multi Polygon.
[1] "========== Expert range map successfully downloaded =========="
          used (Mb) gc trigger (Mb) max used (Mb)
Ncells  801929 42.9    1337601 71.5  1337601 71.5
Vcells 1487226 11.4    8388608 64.0  3409414 26.1
Runner: biab-runner-conda version 2024-10-02 13:29

Elapsed: 6.003375838s
